
Discarded input sections

 .bss           0x0000000000000000        0x0 tmp/constants_bplus.o
 .ARM.attributes
                0x0000000000000000       0x14 tmp/constants_bplus.o
 .bss           0x0000000000000000        0x0 tmp/constants.o
 .ARM.attributes
                0x0000000000000000       0x14 tmp/constants.o
 .bss           0x0000000000000000        0x0 tmp/constants_b.o
 .ARM.attributes
                0x0000000000000000       0x14 tmp/constants_b.o
 .bss           0x0000000000000000        0x0 tmp/gpio.o
 .ARM.attributes
                0x0000000000000000       0x14 tmp/gpio.o
 .bss           0x0000000000000000        0x0 tmp/main.o
 .ARM.attributes
                0x0000000000000000       0x14 tmp/main.o
 .bss           0x0000000000000000        0x0 tmp/constants_2b.o
 .ARM.attributes
                0x0000000000000000       0x14 tmp/constants_2b.o
 .bss           0x0000000000000000        0x0 tmp/timer.o
 .ARM.attributes
                0x0000000000000000       0x14 tmp/timer.o

Memory Configuration

Name             Origin             Length             Attributes
*default*        0x0000000000000000 0xffffffffffffffff

Linker script and memory map

LOAD tmp/constants_bplus.o
LOAD tmp/constants.o
LOAD tmp/constants_b.o
LOAD tmp/gpio.o
LOAD tmp/main.o
LOAD tmp/constants_2b.o
LOAD tmp/timer.o

.init           0x0000000000008000        0x4
 *(.init)
 .init          0x0000000000008000        0x4 tmp/main.o
                0x0000000000008000                _start

.text           0x0000000000008004      0x154
 *(.text)
 .text          0x0000000000008004        0x0 tmp/constants_bplus.o
 .text          0x0000000000008004        0x0 tmp/constants.o
 .text          0x0000000000008004        0x0 tmp/constants_b.o
 .text          0x0000000000008004       0xb4 tmp/gpio.o
                0x0000000000008004                gpio_set_function
                0x0000000000008048                gpio_output
                0x0000000000008080                gpio_blink
 .text          0x00000000000080b8       0x70 tmp/main.o
 .text          0x0000000000008128        0x0 tmp/constants_2b.o
 .text          0x0000000000008128       0x30 tmp/timer.o
                0x0000000000008128                st_sleep
                0x0000000000008148                st_get_timestamp

.data           0x0000000000008158        0x4
 *(.data)
 .data          0x0000000000008158        0x0 tmp/constants_bplus.o
 .data          0x0000000000008158        0x0 tmp/constants.o
 .data          0x0000000000008158        0x0 tmp/constants_b.o
 .data          0x0000000000008158        0x0 tmp/gpio.o
 .data          0x0000000000008158        0x4 tmp/main.o
 .data          0x000000000000815c        0x0 tmp/constants_2b.o
 .data          0x000000000000815c        0x0 tmp/timer.o

/DISCARD/
 *(*)
OUTPUT(tmp/kernel.elf elf32-littlearm)
